../Drivers/CMSIS/Include/core_cm4.h:2064:26:ITM_SendChar	16	static,ignoring_inline_asm
../Core/Src/main.c:116:8:ADC_Select_CH0	32	static
../Core/Src/main.c:87:5:main	192	static
../Core/Src/main.c:130:8:ADC_Select_CH1	32	static
../Core/Src/main.c:143:8:ADC_Select_CH4	32	static
../Core/Src/main.c:166:8:insert	24	static
../Core/Src/main.c:170:8:increase	40	static
../Core/Src/main.c:299:6:SystemClock_Config	88	static
../Core/Src/main.c:346:13:MX_ADC1_Init	24	static
../Core/Src/main.c:418:13:MX_TIM2_Init	32	static
../Core/Src/main.c:463:13:MX_USART2_UART_Init	8	static
../Core/Src/main.c:494:13:MX_DMA_Init	16	static
../Core/Src/main.c:512:13:MX_GPIO_Init	40	static
../Core/Src/main.c:568:5:_write	32	static
../Core/Src/main.c:585:6:Error_Handler	4	static,ignoring_inline_asm
