../Drivers/CMSIS/Include/core_cm4.h:2064:26:ITM_SendChar	16	static,ignoring_inline_asm
../Core/Src/main.c:104:8:ADC_Select_CH0	32	static
../Core/Src/main.c:75:5:main	56	static
../Core/Src/main.c:118:8:ADC_Select_CH1	32	static
../Core/Src/main.c:131:8:ADC_Select_CH4	32	static
../Core/Src/main.c:204:6:SystemClock_Config	88	static
../Core/Src/main.c:251:13:MX_ADC1_Init	24	static
../Core/Src/main.c:323:13:MX_TIM2_Init	32	static
../Core/Src/main.c:368:13:MX_USART2_UART_Init	8	static
../Core/Src/main.c:399:13:MX_DMA_Init	16	static
../Core/Src/main.c:417:13:MX_GPIO_Init	16	static
../Core/Src/main.c:430:5:_write	32	static
../Core/Src/main.c:447:6:Error_Handler	4	static,ignoring_inline_asm
