../Drivers/CMSIS/Include/core_cm4.h:2064:26:ITM_SendChar	16	static,ignoring_inline_asm
../Core/Src/main.c:110:8:ADC_Select_CH0	32	static
../Core/Src/main.c:81:5:main	56	static
../Core/Src/main.c:124:8:ADC_Select_CH1	32	static
../Core/Src/main.c:137:8:ADC_Select_CH4	32	static
../Core/Src/main.c:229:6:SystemClock_Config	88	static
../Core/Src/main.c:276:13:MX_ADC1_Init	24	static
../Core/Src/main.c:348:13:MX_TIM2_Init	32	static
../Core/Src/main.c:393:13:MX_USART2_UART_Init	8	static
../Core/Src/main.c:424:13:MX_DMA_Init	16	static
../Core/Src/main.c:442:13:MX_GPIO_Init	40	static
../Core/Src/main.c:477:5:_write	32	static
../Core/Src/main.c:494:6:Error_Handler	4	static,ignoring_inline_asm
