../Drivers/CMSIS/Include/core_cm4.h:2064:26:ITM_SendChar	16	static,ignoring_inline_asm
../Core/Src/main.c:103:8:ADC_Select_CH0	32	static
../Core/Src/main.c:74:5:main	48	static
../Core/Src/main.c:117:8:ADC_Select_CH1	32	static
../Core/Src/main.c:130:8:ADC_Select_CH4	32	static
../Core/Src/main.c:188:6:SystemClock_Config	88	static
../Core/Src/main.c:235:13:MX_ADC1_Init	24	static
../Core/Src/main.c:307:13:MX_TIM2_Init	32	static
../Core/Src/main.c:352:13:MX_USART2_UART_Init	8	static
../Core/Src/main.c:383:13:MX_DMA_Init	16	static
../Core/Src/main.c:401:13:MX_GPIO_Init	16	static
../Core/Src/main.c:414:5:_write	32	static
../Core/Src/main.c:431:6:Error_Handler	4	static,ignoring_inline_asm
