../Drivers/CMSIS/Include/core_cm4.h:2064:26:ITM_SendChar	16	static,ignoring_inline_asm
../Core/Src/main.c:137:8:ADC_Select_CH0	32	static
../Core/Src/main.c:87:5:main	12208	static
../Core/Src/main.c:151:8:ADC_Select_CH1	32	static
../Core/Src/main.c:164:8:ADC_Select_CH4	32	static
../Core/Src/main.c:178:8:insert	48	static
../Core/Src/main.c:186:10:insert_sort	40	static
../Core/Src/main.c:191:9:calculate_mean	32	static
../Core/Src/main.c:199:9:calculate_dev	40	static
../Core/Src/main.c:210:10:replace_zscores	40	static
../Core/Src/main.c:219:9:calculate_median	32	static
../Core/Src/main.c:416:6:SystemClock_Config	88	static
../Core/Src/main.c:463:13:MX_ADC1_Init	24	static
../Core/Src/main.c:535:13:MX_TIM2_Init	32	static
../Core/Src/main.c:580:13:MX_USART2_UART_Init	8	static
../Core/Src/main.c:611:13:MX_DMA_Init	16	static
../Core/Src/main.c:629:13:MX_GPIO_Init	40	static
../Core/Src/main.c:685:5:_write	32	static
../Core/Src/main.c:702:6:Error_Handler	4	static,ignoring_inline_asm
